
=== ADMET profile prediction ===
inputFile: RemdesivirOnly_DORAnetGenerated_ARTprediction.csv
SMILES column: Canonical_SMILES
outputCsv: /mnt/data.ese/nfs/users/sghosh6/DTRA_project/MACAW/DrugDesignData/Results/combinedEbolaVirus_bestMACAW_allDB_generative/ART/ART_MACAW/ADMET_AI/RemdesivirOnly_DORAnetGenerated_ARTprediction_wADMET.csv
checkpoint: /mnt/data.ese/nfs/users/sghosh6/DTRA_project/MACAW/DrugDesignData/Results/combinedEbolaVirus_bestMACAW_allDB_generative/ART/ART_MACAW/ADMET_AI/RemdesivirOnly_DORAnetGenerated_ARTprediction_wADMET_checkpoint.csv

Applying diversity filter...
diversity: processed 617/617 | +617 new | total 617
diversity stats: {'originalUniqueValidMolecules': 617, 'diversityFilteredMolecules': 617, 'finalFilteredRows': 617}
SMILES for ADMET prediction: 617
Remaining SMILES: 617
Predicting ━━━━━━━━━━━━━━━━━━━━━━━━━━━━━━━━━━━━━━━━ 8/8 0:00:00 • 0:00:00 23.44it/s  
Predicting ━━━━━━━━━━━━━━━━━━━━━━━━━━━━━━━━━━━━━━━━ 8/8 0:00:00 • 0:00:00 24.82it/s  
Predicting ━━━━━━━━━━━━━━━━━━━━━━━━━━━━━━━━━━━━━━━━ 8/8 0:00:00 • 0:00:00 24.50it/s  
Predicting ━━━━━━━━━━━━━━━━━━━━━━━━━━━━━━━━━━━━━━━━ 8/8 0:00:00 • 0:00:00 24.39it/s  
Predicting ━━━━━━━━━━━━━━━━━━━━━━━━━━━━━━━━━━━━━━━━ 8/8 0:00:00 • 0:00:00 23.85it/s  
Predicting ━━━━━━━━━━━━━━━━━━━━━━━━━━━━━━━━━━━━━━━━ 8/8 0:00:00 • 0:00:00 23.95it/s  
Predicting ━━━━━━━━━━━━━━━━━━━━━━━━━━━━━━━━━━━━━━━━ 8/8 0:00:00 • 0:00:00 24.57it/s  
Predicting ━━━━━━━━━━━━━━━━━━━━━━━━━━━━━━━━━━━━━━━━ 8/8 0:00:00 • 0:00:00 24.56it/s  
Predicting ━━━━━━━━━━━━━━━━━━━━━━━━━━━━━━━━━━━━━━━━ 8/8 0:00:00 • 0:00:00 24.61it/s  
Predicting ━━━━━━━━━━━━━━━━━━━━━━━━━━━━━━━━━━━━━━━━ 8/8 0:00:00 • 0:00:00 24.22it/s  
batch 1: size=500 time=6.53s
Predicting ━━━━━━━━━━━━━━━━━━━━━━━━━━━━━━━━━━━━━━━━ 2/2 0:00:00 • 0:00:00 18.32it/s  
Predicting ━━━━━━━━━━━━━━━━━━━━━━━━━━━━━━━━━━━━━━━━ 2/2 0:00:00 • 0:00:00 21.13it/s  
Predicting ━━━━━━━━━━━━━━━━━━━━━━━━━━━━━━━━━━━━━━━━ 2/2 0:00:00 • 0:00:00 22.40it/s  
Predicting ━━━━━━━━━━━━━━━━━━━━━━━━━━━━━━━━━━━━━━━━ 2/2 0:00:00 • 0:00:00 20.82it/s  
Predicting ━━━━━━━━━━━━━━━━━━━━━━━━━━━━━━━━━━━━━━━━ 2/2 0:00:00 • 0:00:00 22.55it/s  
Predicting ━━━━━━━━━━━━━━━━━━━━━━━━━━━━━━━━━━━━━━━━ 2/2 0:00:00 • 0:00:00 19.71it/s  
Predicting ━━━━━━━━━━━━━━━━━━━━━━━━━━━━━━━━━━━━━━━━ 2/2 0:00:00 • 0:00:00 18.79it/s  
Predicting ━━━━━━━━━━━━━━━━━━━━━━━━━━━━━━━━━━━━━━━━ 2/2 0:00:00 • 0:00:00 21.59it/s  
Predicting ━━━━━━━━━━━━━━━━━━━━━━━━━━━━━━━━━━━━━━━━ 2/2 0:00:00 • 0:00:00 21.19it/s  
Predicting ━━━━━━━━━━━━━━━━━━━━━━━━━━━━━━━━━━━━━━━━ 2/2 0:00:00 • 0:00:00 18.75it/s  
batch 2: size=117 time=2.23s

Saved: /mnt/data.ese/nfs/users/sghosh6/DTRA_project/MACAW/DrugDesignData/Results/combinedEbolaVirus_bestMACAW_allDB_generative/ART/ART_MACAW/ADMET_AI/RemdesivirOnly_DORAnetGenerated_ARTprediction_wADMET.csv
Total runtime: 17.04s
