Resolved paths:
  runDir: /mnt/data.ese/nfs/users/sghosh6/DTRA_project/MACAW/DrugDesignData/Results/combinedEbolaVirus_bestMACAW_allDB_generative/ART/ART_ChemBERTa_wPCA
  baseDataDir: ..
  modelBuildingDataDir: ../..
  outputDir: /mnt/data.ese/nfs/users/sghosh6/DTRA_project/MACAW/DrugDesignData/Results/combinedEbolaVirus_bestMACAW_allDB_generative/ART/ART_ChemBERTa_wPCA/ART_results
  inputTrainingCsv: ../../combinedEbolaVirusData_allDB_wchemberta_ARTready.csv
  artReadyCsv: /mnt/data.ese/nfs/users/sghosh6/DTRA_project/MACAW/DrugDesignData/Results/combinedEbolaVirus_bestMACAW_allDB_generative/ART/ART_ChemBERTa_wPCA/ART_results/combinedEbolaVirusData_allDB_wchemberta_ARTready.csv
  artModelFile: /mnt/data.ese/nfs/users/sghosh6/DTRA_project/MACAW/DrugDesignData/Results/combinedEbolaVirus_bestMACAW_allDB_generative/ART/ART_ChemBERTa_wPCA/ART_results/art_chembarta.cpkl
  pcaTransformerFile: /mnt/data.ese/nfs/users/sghosh6/DTRA_project/MACAW/DrugDesignData/Results/combinedEbolaVirus_bestMACAW_allDB_generative/ART/ART_ChemBERTa_wPCA/ART_results/combinedEbolaVirusData_allDB_pca_transformer.cpkl
Loading training data...
Detected 768 input feature columns
Response columns: ['pPotency']
Applying PCA: 768 features → 192 components (pcaComponents=192, n_samples=2704)
PCA retained 99.6% of total variance across 192 components.
Saved PCA transformer to: /mnt/data.ese/nfs/users/sghosh6/DTRA_project/MACAW/DrugDesignData/Results/combinedEbolaVirus_bestMACAW_allDB_generative/ART/ART_ChemBERTa_wPCA/ART_results/combinedEbolaVirusData_allDB_pca_transformer.cpkl
Saving ART-ready CSV to: /mnt/data.ese/nfs/users/sghosh6/DTRA_project/MACAW/DrugDesignData/Results/combinedEbolaVirus_bestMACAW_allDB_generative/ART/ART_ChemBERTa_wPCA/ART_results/combinedEbolaVirusData_allDB_wchemberta_ARTready.csv
Reloading ART-ready CSV...
CV parallelism capped at 8 workers (cvMaxWorkers).
Training ART model...
ART identified 2,704 unique designs in the training data. 
Correctly communicating your designs is critical to building ART's model and to cross-validation.  We strongly suggest verifying ART's interpretation of your designs by inspecting the preprocessed DataFrame.  For example, if your ART instance is named `engine`, run `engine.df["Design"]`.  See Data Preparation docs for a description of how ART infers design information. https://lbl-biosci.gitlab.io/ese/art/Data_Preparation/#labeling-lines-designs-replicates-oh-my
is_classifier
is_regressor
is_classifier
is_regressor
is_classifier
is_regressor
is_classifier
is_regressor
is_classifier
is_regressor
is_classifier
is_regressor
is_classifier
is_regressor
is_classifier
is_regressor
is_classifier
is_regressor
is_classifier
is_regressor
is_classifier
is_regressor
is_classifier
is_regressor
is_classifier
is_regressor
is_classifier
is_regressor
is_classifier
is_regressor
is_classifier
is_regressor
is_classifier
is_regressor
is_classifier
is_regressor
is_classifier
is_regressor
is_classifier
is_regressor
is_classifier
is_regressor
is_classifier
is_regressor
is_classifier
is_regressor
is_classifier
is_regressor
is_classifier
is_regressor
is_classifier
is_regressor
is_classifier
is_regressor
is_classifier
is_regressor
is_classifier
is_regressor
is_classifier
is_regressor
is_classifier
is_regressor
is_classifier
is_regressor
is_classifier
is_regressor
is_classifier
is_regressor
is_classifier
is_regressor
is_classifier
is_regressor
is_classifier
is_regressor
is_classifier
is_regressor
is_classifier
is_regressor
is_classifier
is_regressor
is_classifier
is_regressor
is_classifier
is_regressor
is_classifier
is_regressor
is_classifier
is_regressor
is_classifier
is_regressor
is_classifier
is_regressor
is_classifier
is_regressor
is_classifier
is_regressor
is_classifier
is_regressor
is_classifier
is_regressor
is_classifier
is_regressor
is_classifier
is_regressor
is_classifier
is_regressor
is_classifier
is_regressor
is_classifier
is_regressor
is_classifier
is_regressor
is_classifier
is_regressor
is_classifier
is_regressor
is_classifier
is_regressor
is_classifier
is_regressor
is_classifier
is_regressor
is_classifier
is_regressor
is_classifier
is_regressor
is_classifier
is_regressor
is_classifier
is_regressor
is_classifier
is_regressor
is_classifier
is_regressor
is_classifier
is_regressor
is_classifier
is_regressor
is_classifier
is_regressor
is_classifier
is_regressor
is_classifier
is_regressor
is_classifier
is_regressor
is_classifier
is_regressor
is_classifier
is_regressor
is_classifier
is_regressor
is_classifier
is_regressor
is_classifier
is_regressor
is_classifier
is_regressor
is_classifier
is_regressor
is_classifier
is_regressor
is_classifier
is_regressor
is_classifier
is_regressor
is_classifier
is_regressor
is_classifier
is_regressor
is_classifier
is_regressor
is_classifier
is_regressor
is_classifier
is_regressor
is_classifier
is_regressor
is_classifier
is_regressor
is_classifier
is_regressor
is_classifier
is_regressor
is_classifier
is_regressor
is_classifier
is_regressor
is_classifier
is_regressor
is_classifier
is_regressor
is_classifier
is_regressor
is_classifier
is_regressor
is_classifier
is_regressor
is_classifier
is_regressor
is_classifier
is_regressor
is_classifier
is_regressor
is_classifier
is_regressor
is_classifier
is_regressor
is_classifier
is_regressor
is_classifier
is_regressor
is_classifier
is_regressor
is_classifier
is_regressor
is_classifier
is_regressor
is_classifier
is_regressor
is_classifier
is_regressor
is_classifier
is_regressor
is_classifier
is_regressor
is_classifier
is_regressor
is_classifier
is_regressor
is_classifier
is_regressor
is_classifier
is_regressor
is_classifier
is_regressor
is_classifier
is_regressor
is_classifier
is_regressor
is_classifier
is_regressor
is_classifier
is_regressor
is_classifier
is_regressor
is_classifier
is_regressor
is_classifier
is_regressor
is_classifier
is_regressor
is_classifier
is_regressor
is_classifier
is_regressor
is_classifier
is_regressor
is_classifier
is_regressor
is_classifier
is_regressor
is_classifier
is_regressor
is_classifier
is_regressor
is_classifier
is_regressor
is_classifier
is_regressor
is_classifier
is_regressor
is_classifier
is_regressor
is_classifier
is_regressor
is_classifier
is_regressor
is_classifier
is_regressor
is_classifier
is_regressor
is_classifier
is_regressor
is_classifier
is_regressor
is_classifier
is_regressor
is_classifier
is_regressor
is_classifier
is_regressor
is_classifier
is_regressor
is_classifier
is_regressor
is_classifier
is_regressor
is_classifier
is_regressor
is_classifier
is_regressor
is_classifier
is_regressor
is_classifier
is_regressor
is_classifier
is_regressor
is_classifier
is_regressor
is_classifier
is_regressor
is_classifier
is_regressor
is_classifier
is_regressor
is_classifier
is_regressor
is_classifier
is_regressor
is_classifier
is_regressor
is_classifier
is_regressor
is_classifier
is_regressor
is_classifier
is_regressor
is_classifier
is_regressor
is_classifier
is_regressor
is_classifier
is_regressor
is_classifier
is_regressor
is_classifier
is_regressor
is_classifier
is_regressor
is_classifier
is_regressor
is_classifier
is_regressor
is_classifier
is_regressor
is_classifier
is_regressor
is_classifier
is_regressor
is_classifier
is_regressor
is_classifier
is_regressor
is_classifier
is_regressor
is_classifier
is_regressor
is_classifier
is_regressor
is_classifier
is_regressor
is_classifier
is_regressor
is_classifier
is_regressor
is_classifier
is_regressor
is_classifier
is_regressor
is_classifier
is_regressor
is_classifier
is_regressor
is_classifier
is_regressor
is_classifier
is_regressor
is_classifier
is_regressor
is_classifier
is_regressor
is_classifier
is_regressor
is_classifier
is_regressor
is_classifier
is_regressor
is_classifier
is_regressor
is_classifier
is_regressor
is_classifier
is_regressor
is_classifier
is_regressor
is_classifier
is_regressor
is_classifier
is_regressor
is_classifier
is_regressor
is_classifier
is_regressor
is_classifier
is_regressor
is_classifier
is_regressor
is_classifier
is_regressor
is_classifier
is_regressor
is_classifier
is_regressor
is_classifier
is_regressor
is_classifier
is_regressor
is_classifier
is_regressor
is_classifier
is_regressor
is_classifier
is_regressor
is_classifier
is_regressor
is_classifier
is_regressor
is_classifier
is_regressor
is_classifier
is_regressor
is_classifier
is_regressor
is_classifier
is_regressor
is_classifier
is_regressor
is_classifier
is_regressor
is_classifier
is_regressor
is_classifier
is_regressor
is_classifier
is_regressor
is_classifier
is_regressor
is_classifier
is_regressor
is_classifier
is_regressor
is_classifier
is_regressor
is_classifier
is_regressor
is_classifier
is_regressor
is_classifier
is_regressor
is_classifier
is_regressor
is_classifier
is_regressor
is_classifier
is_regressor
is_classifier
is_regressor
is_classifier
is_regressor
is_classifier
is_regressor
is_classifier
is_regressor
is_classifier
is_regressor
is_classifier
is_regressor
is_classifier
is_regressor
is_classifier
is_regressor
is_classifier
is_regressor
is_classifier
is_regressor
is_classifier
is_regressor
is_classifier
is_regressor
is_classifier
is_regressor
is_classifier
is_regressor
is_classifier
is_regressor
is_classifier
is_regressor
is_classifier
is_regressor
is_classifier
is_regressor
is_classifier
is_regressor
is_classifier
is_regressor
is_classifier
is_regressor
is_classifier
is_regressor
is_classifier
is_regressor
is_classifier
is_regressor
is_classifier
is_regressor
is_classifier
is_regressor
is_classifier
is_regressor
is_classifier
is_regressor
is_classifier
is_regressor
is_classifier
is_regressor
is_classifier
is_regressor
is_classifier
is_regressor
is_classifier
is_regressor
is_classifier
is_regressor
is_classifier
is_regressor
is_classifier
is_regressor
is_classifier
is_regressor
is_classifier
is_regressor
is_classifier
is_regressor
is_classifier
is_regressor
is_classifier
is_regressor
is_classifier
is_regressor
is_classifier
is_regressor
is_classifier
is_regressor
is_classifier
is_regressor
is_classifier
is_regressor
is_classifier
is_regressor
is_classifier
is_regressor
is_classifier
is_regressor
is_classifier
is_regressor
is_classifier
is_regressor
is_classifier
is_regressor
is_classifier
is_regressor
is_classifier
is_regressor
is_classifier
is_regressor
is_classifier
is_regressor
is_classifier
is_regressor
is_classifier
is_regressor
is_classifier
is_regressor
is_classifier
is_regressor
is_classifier
is_regressor
is_classifier
is_regressor
is_classifier
is_regressor
is_classifier
is_regressor
is_classifier
is_regressor
is_classifier
is_regressor
is_classifier
is_regressor
is_classifier
is_regressor
is_classifier
is_regressor
is_classifier
is_regressor
is_classifier
is_regressor
is_classifier
is_regressor
is_classifier
is_regressor
is_classifier
is_regressor
is_classifier
is_regressor
is_classifier
is_regressor
is_classifier
is_regressor
is_classifier
is_regressor
is_classifier
is_regressor
is_classifier
is_regressor
is_classifier
is_regressor
is_classifier
is_regressor
is_classifier
is_regressor
is_classifier
is_regressor
is_classifier
is_regressor
is_classifier
is_regressor
is_classifier
is_regressor
is_classifier
is_regressor
is_classifier
is_regressor
is_classifier
is_regressor
is_classifier
is_regressor
is_classifier
is_regressor
is_classifier
is_regressor
is_classifier
is_regressor
is_classifier
is_regressor
is_classifier
is_regressor
is_classifier
is_regressor
is_classifier
is_regressor
is_classifier
is_regressor
is_classifier
is_regressor
is_classifier
is_regressor
is_classifier
is_regressor
is_classifier
is_regressor
is_classifier
is_regressor
is_classifier
is_regressor
is_classifier
is_regressor
is_classifier
is_regressor
is_classifier
is_regressor
is_classifier
is_regressor
is_classifier
is_regressor
is_classifier
is_regressor
is_classifier
is_regressor
is_classifier
is_regressor
is_classifier
is_regressor
is_classifier
is_regressor
is_classifier
is_regressor
is_classifier
is_regressor
is_classifier
is_regressor
is_classifier
is_regressor
is_classifier
is_regressor
is_classifier
is_regressor
is_classifier
is_regressor
is_classifier
is_regressor
is_classifier
is_regressor
is_classifier
is_regressor
is_classifier
is_regressor
is_classifier
is_regressor
is_classifier
is_regressor
is_classifier
is_regressor
is_classifier
is_regressor
is_classifier
is_regressor
is_classifier
is_regressor
is_classifier
is_regressor
is_classifier
is_regressor
is_classifier
is_regressor
is_classifier
is_regressor
is_classifier
is_regressor
is_classifier
is_regressor
is_classifier
is_regressor
is_classifier
is_regressor
is_classifier
is_regressor
is_classifier
is_regressor
is_classifier
is_regressor
is_classifier
is_regressor
is_classifier
is_regressor
is_classifier
is_regressor
is_classifier
is_regressor
is_classifier
is_regressor
is_classifier
is_regressor
is_classifier
is_regressor
is_classifier
is_regressor
is_classifier
is_regressor
is_classifier
is_regressor
is_classifier
is_regressor
is_classifier
is_regressor
is_classifier
is_regressor
is_classifier
is_regressor
is_classifier
is_regressor
is_classifier
is_regressor
is_classifier
is_regressor
is_classifier
is_regressor
is_classifier
is_regressor
is_classifier
is_regressor
is_classifier
is_regressor
is_classifier
is_regressor
is_classifier
is_regressor
is_classifier
is_regressor
is_classifier
is_regressor
is_classifier
is_regressor
is_classifier
is_regressor
is_classifier
is_regressor
is_classifier
is_regressor
is_classifier
is_regressor
is_classifier
is_regressor
is_classifier
is_regressor
is_classifier
is_regressor
is_classifier
is_regressor
is_classifier
is_regressor
is_classifier
is_regressor
is_classifier
is_regressor
is_classifier
is_regressor
is_classifier
is_regressor
is_classifier
is_regressor
is_classifier
is_regressor
is_classifier
is_regressor
is_classifier
is_regressor
is_classifier
is_regressor
is_classifier
is_regressor
is_classifier
is_regressor
is_classifier
is_regressor
is_classifier
is_regressor
is_classifier
is_regressor
is_classifier
is_regressor
is_classifier
is_regressor
is_classifier
is_regressor
is_classifier
is_regressor
is_classifier
is_regressor
is_classifier
is_regressor
is_classifier
is_regressor
is_classifier
is_regressor
is_classifier
is_regressor
is_classifier
is_regressor
is_classifier
is_regressor
is_classifier
is_regressor
is_classifier
is_regressor
is_classifier
is_regressor
is_classifier
is_regressor
is_classifier
is_regressor
is_classifier
is_regressor
is_classifier
is_regressor
is_classifier
is_regressor
is_classifier
is_regressor
is_classifier
is_regressor
is_classifier
is_regressor
is_classifier
is_regressor
is_classifier
is_regressor
is_classifier
is_regressor
is_classifier
is_regressor
is_classifier
is_regressor
is_classifier
is_regressor
is_classifier
is_regressor
is_classifier
is_regressor
is_classifier
is_regressor
is_classifier
is_regressor
is_classifier
is_regressor
is_classifier
is_regressor
is_classifier
is_regressor
is_classifier
is_regressor
is_classifier
is_regressor
is_classifier
is_regressor
is_classifier
is_regressor
is_classifier
is_regressor
is_classifier
is_regressor
is_classifier
is_regressor
is_classifier
is_regressor
is_classifier
is_regressor
is_classifier
is_regressor
is_classifier
is_regressor
is_classifier
is_regressor
is_classifier
is_regressor
is_classifier
is_regressor
is_classifier
is_regressor
is_classifier
is_regressor
is_classifier
is_regressor
is_classifier
is_regressor
is_classifier
is_regressor
is_classifier
is_regressor
is_classifier
is_regressor
is_classifier
is_regressor
is_classifier
is_regressor
is_classifier
is_regressor
is_classifier
is_regressor
is_classifier
is_regressor
is_classifier
is_regressor
is_classifier
is_regressor
is_classifier
is_regressor
is_classifier
is_regressor
is_classifier
is_regressor
is_classifier
is_regressor
is_classifier
is_regressor
is_classifier
is_regressor
is_classifier
is_regressor
is_classifier
is_regressor
is_classifier
is_regressor
is_classifier
is_regressor
is_classifier
is_regressor
is_classifier
is_regressor
is_classifier
is_regressor
is_classifier
is_regressor
is_classifier
is_regressor
is_classifier
is_regressor
is_classifier
is_regressor
is_classifier
is_regressor
is_classifier
is_regressor
is_classifier
is_regressor
is_classifier
is_regressor
is_classifier
is_regressor
is_classifier
is_regressor
is_classifier
is_regressor
is_classifier
is_regressor
is_classifier
is_regressor
is_classifier
is_regressor
is_classifier
is_regressor
is_classifier
is_regressor
is_classifier
is_regressor
is_classifier
is_regressor
is_classifier
is_regressor
is_classifier
is_regressor
is_classifier
is_regressor
is_classifier
is_regressor
is_classifier
is_regressor
is_classifier
is_regressor
is_classifier
is_regressor
is_classifier
is_regressor
is_classifier
is_regressor
is_classifier
is_regressor
is_classifier
is_regressor
is_classifier
is_regressor
is_classifier
is_regressor
is_classifier
is_regressor
is_classifier
is_regressor
is_classifier
is_regressor
is_classifier
is_regressor
is_classifier
is_regressor
is_classifier
is_regressor
is_classifier
is_regressor
is_classifier
is_regressor
is_classifier
is_regressor
is_classifier
is_regressor
is_classifier
is_regressor
is_classifier
is_regressor
is_classifier
is_regressor
is_classifier
is_regressor
is_classifier
is_regressor
is_classifier
is_regressor
is_classifier
is_regressor
is_classifier
is_regressor
is_classifier
is_regressor
is_classifier
is_regressor
is_classifier
is_regressor
is_classifier
is_regressor
is_classifier
is_regressor
is_classifier
is_regressor
is_classifier
is_regressor
is_classifier
is_regressor
is_classifier
is_regressor
is_classifier
is_regressor
is_classifier
is_regressor
is_classifier
is_regressor
is_classifier
is_regressor
is_classifier
is_regressor
is_classifier
is_regressor
is_classifier
is_regressor
is_classifier
is_regressor
is_classifier
is_regressor
is_classifier
is_regressor
is_classifier
is_regressor
is_classifier
is_regressor
is_classifier
is_regressor
is_classifier
is_regressor
is_classifier
is_regressor
is_classifier
is_regressor
is_classifier
is_regressor
is_classifier
is_regressor
is_classifier
is_regressor
is_classifier
is_regressor
is_classifier
is_regressor
is_classifier
is_regressor
is_classifier
is_regressor
is_classifier
is_regressor
is_classifier
is_regressor
is_classifier
is_regressor
is_classifier
is_regressor
is_classifier
is_regressor
is_classifier
is_regressor
is_classifier
is_regressor
is_classifier
is_regressor
is_classifier
is_regressor
is_classifier
is_regressor
is_classifier
is_regressor
is_classifier
is_regressor
is_classifier
is_regressor
is_classifier
is_regressor
is_classifier
is_regressor
is_classifier
is_regressor
is_classifier
is_regressor
is_classifier
is_regressor
is_classifier
is_regressor
is_classifier
is_regressor
is_classifier
is_regressor
is_classifier
is_regressor
is_classifier
is_regressor
is_classifier
is_regressor
is_classifier
is_regressor
is_classifier
is_regressor
is_classifier
is_regressor
is_classifier
is_regressor
is_classifier
is_regressor
is_classifier
is_regressor
is_classifier
is_regressor
is_classifier
is_regressor
is_classifier
is_regressor
is_classifier
is_regressor
is_classifier
is_regressor
is_classifier
is_regressor
is_classifier
is_regressor
is_classifier
is_regressor
is_classifier
is_regressor
is_classifier
is_regressor
is_classifier
is_regressor
is_classifier
is_regressor
is_classifier
is_regressor
is_classifier
is_regressor
is_classifier
is_regressor
is_classifier
is_regressor
is_classifier
is_regressor
is_classifier
is_regressor
is_classifier
is_regressor
is_classifier
is_regressor
is_classifier
is_regressor
is_classifier
is_regressor
is_classifier
is_regressor
is_classifier
is_regressor
is_classifier
is_regressor
is_classifier
is_regressor
is_classifier
is_regressor
is_classifier
is_regressor
is_classifier
is_regressor
is_classifier
is_regressor
is_classifier
is_regressor
is_classifier
is_regressor
is_classifier
is_regressor
is_classifier
is_regressor
is_classifier
is_regressor
is_classifier
is_regressor
is_classifier
is_regressor
is_classifier
is_regressor
is_classifier
is_regressor
is_classifier
is_regressor
is_classifier
is_regressor
is_classifier
is_regressor
is_classifier
is_regressor
is_classifier
is_regressor
is_classifier
is_regressor
is_classifier
is_regressor
is_classifier
is_regressor
is_classifier
is_regressor
ART training completed in 83855.02 seconds
Saved ART model to: /mnt/data.ese/nfs/users/sghosh6/DTRA_project/MACAW/DrugDesignData/Results/combinedEbolaVirus_bestMACAW_allDB_generative/ART/ART_ChemBERTa_wPCA/ART_results/art_chembarta.cpkl
Total time: 83856.93 seconds
Job complete ...
