
=== ADMET profile prediction ===
inputFile: BrincidofovirOnly_DORAnetGenerated_ARTprediction.csv
SMILES column: Canonical_SMILES
outputCsv: /mnt/data.ese/nfs/users/sghosh6/DTRA_project/MACAW/DrugDesignData/Results/combinedEbolaVirus_bestMACAW_allDB_generative/ART/ART_MACAW/ADMET_AI/BrincidofovirOnly_DORAnetGenerated_ARTprediction_wADMET.csv
checkpoint: /mnt/data.ese/nfs/users/sghosh6/DTRA_project/MACAW/DrugDesignData/Results/combinedEbolaVirus_bestMACAW_allDB_generative/ART/ART_MACAW/ADMET_AI/BrincidofovirOnly_DORAnetGenerated_ARTprediction_wADMET_checkpoint.csv

Applying diversity filter...
diversity: processed 1000/2932 | +529 new | total 529
diversity: processed 2000/2932 | +608 new | total 1137
diversity: processed 2932/2932 | +673 new | total 1810
diversity stats: {'originalUniqueValidMolecules': 2932, 'diversityFilteredMolecules': 1810, 'finalFilteredRows': 1810}
SMILES for ADMET prediction: 1810
Remaining SMILES: 1810
Predicting ━━━━━━━━━━━━━━━━━━━━━━━━━━━━━━━━━━━━━━━━ 8/8 0:00:00 • 0:00:00 14.95it/s  
Predicting ━━━━━━━━━━━━━━━━━━━━━━━━━━━━━━━━━━━━━━━━ 8/8 0:00:00 • 0:00:00 15.66it/s  
Predicting ━━━━━━━━━━━━━━━━━━━━━━━━━━━━━━━━━━━━━━━━ 8/8 0:00:00 • 0:00:00 14.38it/s  
Predicting ━━━━━━━━━━━━━━━━━━━━━━━━━━━━━━━━━━━━━━━━ 8/8 0:00:00 • 0:00:00 14.10it/s  
Predicting ━━━━━━━━━━━━━━━━━━━━━━━━━━━━━━━━━━━━━━━━ 8/8 0:00:00 • 0:00:00 13.07it/s  
Predicting ━━━━━━━━━━━━━━━━━━━━━━━━━━━━━━━━━━━━━━━━ 8/8 0:00:00 • 0:00:00 13.76it/s  
Predicting ━━━━━━━━━━━━━━━━━━━━━━━━━━━━━━━━━━━━━━━━ 8/8 0:00:00 • 0:00:00 13.66it/s  
Predicting ━━━━━━━━━━━━━━━━━━━━━━━━━━━━━━━━━━━━━━━━ 8/8 0:00:00 • 0:00:00 13.79it/s  
Predicting ━━━━━━━━━━━━━━━━━━━━━━━━━━━━━━━━━━━━━━━━ 8/8 0:00:00 • 0:00:00 13.91it/s  
Predicting ━━━━━━━━━━━━━━━━━━━━━━━━━━━━━━━━━━━━━━━━ 8/8 0:00:00 • 0:00:00 15.77it/s  
batch 1: size=500 time=9.25s
Predicting ━━━━━━━━━━━━━━━━━━━━━━━━━━━━━━━━━━━━━━━━ 8/8 0:00:00 • 0:00:00 16.90it/s  
Predicting ━━━━━━━━━━━━━━━━━━━━━━━━━━━━━━━━━━━━━━━━ 8/8 0:00:00 • 0:00:00 17.81it/s  
Predicting ━━━━━━━━━━━━━━━━━━━━━━━━━━━━━━━━━━━━━━━━ 8/8 0:00:00 • 0:00:00 16.54it/s  
Predicting ━━━━━━━━━━━━━━━━━━━━━━━━━━━━━━━━━━━━━━━━ 8/8 0:00:00 • 0:00:00 16.81it/s  
Predicting ━━━━━━━━━━━━━━━━━━━━━━━━━━━━━━━━━━━━━━━━ 8/8 0:00:00 • 0:00:00 16.28it/s  
Predicting ━━━━━━━━━━━━━━━━━━━━━━━━━━━━━━━━━━━━━━━━ 8/8 0:00:00 • 0:00:00 16.43it/s  
Predicting ━━━━━━━━━━━━━━━━━━━━━━━━━━━━━━━━━━━━━━━━ 8/8 0:00:00 • 0:00:00 17.56it/s  
Predicting ━━━━━━━━━━━━━━━━━━━━━━━━━━━━━━━━━━━━━━━━ 8/8 0:00:00 • 0:00:00 16.43it/s  
Predicting ━━━━━━━━━━━━━━━━━━━━━━━━━━━━━━━━━━━━━━━━ 8/8 0:00:00 • 0:00:00 17.65it/s  
Predicting ━━━━━━━━━━━━━━━━━━━━━━━━━━━━━━━━━━━━━━━━ 8/8 0:00:00 • 0:00:00 16.60it/s  
batch 2: size=500 time=7.77s
Predicting ━━━━━━━━━━━━━━━━━━━━━━━━━━━━━━━━━━━━━━━━ 8/8 0:00:00 • 0:00:00 18.17it/s  
Predicting ━━━━━━━━━━━━━━━━━━━━━━━━━━━━━━━━━━━━━━━━ 8/8 0:00:00 • 0:00:00 17.83it/s  
Predicting ━━━━━━━━━━━━━━━━━━━━━━━━━━━━━━━━━━━━━━━━ 8/8 0:00:00 • 0:00:00 17.82it/s  
Predicting ━━━━━━━━━━━━━━━━━━━━━━━━━━━━━━━━━━━━━━━━ 8/8 0:00:00 • 0:00:00 17.74it/s  
Predicting ━━━━━━━━━━━━━━━━━━━━━━━━━━━━━━━━━━━━━━━━ 8/8 0:00:00 • 0:00:00 17.13it/s  
Predicting ━━━━━━━━━━━━━━━━━━━━━━━━━━━━━━━━━━━━━━━━ 8/8 0:00:00 • 0:00:00 17.81it/s  
Predicting ━━━━━━━━━━━━━━━━━━━━━━━━━━━━━━━━━━━━━━━━ 8/8 0:00:00 • 0:00:00 17.71it/s  
Predicting ━━━━━━━━━━━━━━━━━━━━━━━━━━━━━━━━━━━━━━━━ 8/8 0:00:00 • 0:00:00 17.99it/s  
Predicting ━━━━━━━━━━━━━━━━━━━━━━━━━━━━━━━━━━━━━━━━ 8/8 0:00:00 • 0:00:00 17.53it/s  
Predicting ━━━━━━━━━━━━━━━━━━━━━━━━━━━━━━━━━━━━━━━━ 8/8 0:00:00 • 0:00:00 17.78it/s  
batch 3: size=500 time=7.50s
Predicting ━━━━━━━━━━━━━━━━━━━━━━━━━━━━━━━━━━━━━━━━ 5/5 0:00:00 • 0:00:00 20.03it/s  
Predicting ━━━━━━━━━━━━━━━━━━━━━━━━━━━━━━━━━━━━━━━━ 5/5 0:00:00 • 0:00:00 21.49it/s  
Predicting ━━━━━━━━━━━━━━━━━━━━━━━━━━━━━━━━━━━━━━━━ 5/5 0:00:00 • 0:00:00 21.87it/s  
Predicting ━━━━━━━━━━━━━━━━━━━━━━━━━━━━━━━━━━━━━━━━ 5/5 0:00:00 • 0:00:00 22.07it/s  
Predicting ━━━━━━━━━━━━━━━━━━━━━━━━━━━━━━━━━━━━━━━━ 5/5 0:00:00 • 0:00:00 21.79it/s  
Predicting ━━━━━━━━━━━━━━━━━━━━━━━━━━━━━━━━━━━━━━━━ 5/5 0:00:00 • 0:00:00 20.03it/s  
Predicting ━━━━━━━━━━━━━━━━━━━━━━━━━━━━━━━━━━━━━━━━ 5/5 0:00:00 • 0:00:00 21.83it/s  
Predicting ━━━━━━━━━━━━━━━━━━━━━━━━━━━━━━━━━━━━━━━━ 5/5 0:00:00 • 0:00:00 21.55it/s  
Predicting ━━━━━━━━━━━━━━━━━━━━━━━━━━━━━━━━━━━━━━━━ 5/5 0:00:00 • 0:00:00 19.53it/s  
Predicting ━━━━━━━━━━━━━━━━━━━━━━━━━━━━━━━━━━━━━━━━ 5/5 0:00:00 • 0:00:00 21.36it/s  
batch 4: size=310 time=4.43s

Saved: /mnt/data.ese/nfs/users/sghosh6/DTRA_project/MACAW/DrugDesignData/Results/combinedEbolaVirus_bestMACAW_allDB_generative/ART/ART_MACAW/ADMET_AI/BrincidofovirOnly_DORAnetGenerated_ARTprediction_wADMET.csv
Total runtime: 39.04s
