
=== ADMET profile prediction ===
inputFile: combinedEbola_allDORAnetGenerated_Antivirals_ARTprediction.csv
SMILES column: Canonical_SMILES
outputCsv: /mnt/data.ese/nfs/users/sghosh6/DTRA_project/MACAW/DrugDesignData/Results/combinedEbolaVirus_bestMACAW_allDB_generative/ART/ART_MACAW/ADMET_AI/combinedEbola_allDORAnetGenerated_Antivirals_ARTprediction_wADMET.csv
checkpoint: /mnt/data.ese/nfs/users/sghosh6/DTRA_project/MACAW/DrugDesignData/Results/combinedEbolaVirus_bestMACAW_allDB_generative/ART/ART_MACAW/ADMET_AI/combinedEbola_allDORAnetGenerated_Antivirals_ARTprediction_wADMET_checkpoint.csv

Applying diversity filter...
diversity: processed 1000/15477 | +989 new | total 989
diversity: processed 2000/15477 | +997 new | total 1986
diversity: processed 3000/15477 | +993 new | total 2979
diversity: processed 4000/15477 | +993 new | total 3972
diversity: processed 5000/15477 | +991 new | total 4963
diversity: processed 6000/15477 | +995 new | total 5958
diversity: processed 7000/15477 | +988 new | total 6946
diversity: processed 8000/15477 | +990 new | total 7936
diversity: processed 9000/15477 | +991 new | total 8927
diversity: processed 10000/15477 | +990 new | total 9917
diversity: processed 11000/15477 | +983 new | total 10900
diversity: processed 12000/15477 | +986 new | total 11886
diversity: processed 13000/15477 | +987 new | total 12873
diversity: processed 14000/15477 | +991 new | total 13864
diversity: processed 15000/15477 | +986 new | total 14850
diversity: processed 15477/15477 | +471 new | total 15321
diversity stats: {'originalUniqueValidMolecules': 15477, 'diversityFilteredMolecules': 15321, 'finalFilteredRows': 15321}
SMILES for ADMET prediction: 15321
Remaining SMILES: 15321
Predicting ━━━━━━━━━━━━━━━━━━━━━━━━━━━━━━━━━━━━━━━━ 8/8 0:00:00 • 0:00:00 19.81it/s  
Predicting ━━━━━━━━━━━━━━━━━━━━━━━━━━━━━━━━━━━━━━━━ 8/8 0:00:00 • 0:00:00 19.18it/s  
Predicting ━━━━━━━━━━━━━━━━━━━━━━━━━━━━━━━━━━━━━━━━ 8/8 0:00:00 • 0:00:00 19.31it/s  
Predicting ━━━━━━━━━━━━━━━━━━━━━━━━━━━━━━━━━━━━━━━━ 8/8 0:00:00 • 0:00:00 19.18it/s  
Predicting ━━━━━━━━━━━━━━━━━━━━━━━━━━━━━━━━━━━━━━━━ 8/8 0:00:00 • 0:00:00 20.00it/s  
Predicting ━━━━━━━━━━━━━━━━━━━━━━━━━━━━━━━━━━━━━━━━ 8/8 0:00:00 • 0:00:00 19.25it/s  
Predicting ━━━━━━━━━━━━━━━━━━━━━━━━━━━━━━━━━━━━━━━━ 8/8 0:00:00 • 0:00:00 19.95it/s  
Predicting ━━━━━━━━━━━━━━━━━━━━━━━━━━━━━━━━━━━━━━━━ 8/8 0:00:00 • 0:00:00 19.14it/s  
Predicting ━━━━━━━━━━━━━━━━━━━━━━━━━━━━━━━━━━━━━━━━ 8/8 0:00:00 • 0:00:00 18.78it/s  
Predicting ━━━━━━━━━━━━━━━━━━━━━━━━━━━━━━━━━━━━━━━━ 8/8 0:00:00 • 0:00:00 19.62it/s  
batch 1: size=500 time=7.70s
Predicting ━━━━━━━━━━━━━━━━━━━━━━━━━━━━━━━━━━━━━━━━ 8/8 0:00:00 • 0:00:00 18.20it/s  
Predicting ━━━━━━━━━━━━━━━━━━━━━━━━━━━━━━━━━━━━━━━━ 8/8 0:00:00 • 0:00:00 16.81it/s  
Predicting ━━━━━━━━━━━━━━━━━━━━━━━━━━━━━━━━━━━━━━━━ 8/8 0:00:00 • 0:00:00 16.44it/s  
Predicting ━━━━━━━━━━━━━━━━━━━━━━━━━━━━━━━━━━━━━━━━ 8/8 0:00:00 • 0:00:00 13.61it/s  
Predicting ━━━━━━━━━━━━━━━━━━━━━━━━━━━━━━━━━━━━━━━━ 8/8 0:00:00 • 0:00:00 18.07it/s  
Predicting ━━━━━━━━━━━━━━━━━━━━━━━━━━━━━━━━━━━━━━━━ 8/8 0:00:00 • 0:00:00 17.49it/s  
Predicting ━━━━━━━━━━━━━━━━━━━━━━━━━━━━━━━━━━━━━━━━ 8/8 0:00:00 • 0:00:00 17.86it/s  
Predicting ━━━━━━━━━━━━━━━━━━━━━━━━━━━━━━━━━━━━━━━━ 8/8 0:00:00 • 0:00:00 18.52it/s  
Predicting ━━━━━━━━━━━━━━━━━━━━━━━━━━━━━━━━━━━━━━━━ 8/8 0:00:00 • 0:00:00 18.71it/s  
Predicting ━━━━━━━━━━━━━━━━━━━━━━━━━━━━━━━━━━━━━━━━ 8/8 0:00:00 • 0:00:00 18.52it/s  
batch 2: size=500 time=7.70s
Predicting ━━━━━━━━━━━━━━━━━━━━━━━━━━━━━━━━━━━━━━━━ 8/8 0:00:00 • 0:00:00 16.71it/s  
Predicting ━━━━━━━━━━━━━━━━━━━━━━━━━━━━━━━━━━━━━━━━ 8/8 0:00:00 • 0:00:00 16.93it/s  
Predicting ━━━━━━━━━━━━━━━━━━━━━━━━━━━━━━━━━━━━━━━━ 8/8 0:00:00 • 0:00:00 16.30it/s  
Predicting ━━━━━━━━━━━━━━━━━━━━━━━━━━━━━━━━━━━━━━━━ 8/8 0:00:00 • 0:00:00 16.00it/s  
Predicting ━━━━━━━━━━━━━━━━━━━━━━━━━━━━━━━━━━━━━━━━ 8/8 0:00:00 • 0:00:00 16.59it/s  
Predicting ━━━━━━━━━━━━━━━━━━━━━━━━━━━━━━━━━━━━━━━━ 8/8 0:00:00 • 0:00:00 16.64it/s  
Predicting ━━━━━━━━━━━━━━━━━━━━━━━━━━━━━━━━━━━━━━━━ 8/8 0:00:00 • 0:00:00 16.21it/s  
Predicting ━━━━━━━━━━━━━━━━━━━━━━━━━━━━━━━━━━━━━━━━ 8/8 0:00:00 • 0:00:00 16.41it/s  
Predicting ━━━━━━━━━━━━━━━━━━━━━━━━━━━━━━━━━━━━━━━━ 8/8 0:00:00 • 0:00:00 17.29it/s  
Predicting ━━━━━━━━━━━━━━━━━━━━━━━━━━━━━━━━━━━━━━━━ 8/8 0:00:00 • 0:00:00 16.83it/s  
batch 3: size=500 time=7.82s
Predicting ━━━━━━━━━━━━━━━━━━━━━━━━━━━━━━━━━━━━━━━━ 8/8 0:00:00 • 0:00:00 16.30it/s  
Predicting ━━━━━━━━━━━━━━━━━━━━━━━━━━━━━━━━━━━━━━━━ 8/8 0:00:00 • 0:00:00 17.00it/s  
Predicting ━━━━━━━━━━━━━━━━━━━━━━━━━━━━━━━━━━━━━━━━ 8/8 0:00:00 • 0:00:00 17.20it/s  
Predicting ━━━━━━━━━━━━━━━━━━━━━━━━━━━━━━━━━━━━━━━━ 8/8 0:00:00 • 0:00:00 16.48it/s  
Predicting ━━━━━━━━━━━━━━━━━━━━━━━━━━━━━━━━━━━━━━━━ 8/8 0:00:00 • 0:00:00 16.73it/s  
Predicting ━━━━━━━━━━━━━━━━━━━━━━━━━━━━━━━━━━━━━━━━ 8/8 0:00:00 • 0:00:00 16.35it/s  
Predicting ━━━━━━━━━━━━━━━━━━━━━━━━━━━━━━━━━━━━━━━━ 8/8 0:00:00 • 0:00:00 16.56it/s  
Predicting ━━━━━━━━━━━━━━━━━━━━━━━━━━━━━━━━━━━━━━━━ 8/8 0:00:00 • 0:00:00 16.98it/s  
Predicting ━━━━━━━━━━━━━━━━━━━━━━━━━━━━━━━━━━━━━━━━ 8/8 0:00:00 • 0:00:00 16.99it/s  
Predicting ━━━━━━━━━━━━━━━━━━━━━━━━━━━━━━━━━━━━━━━━ 8/8 0:00:00 • 0:00:00 16.54it/s  
batch 4: size=500 time=7.79s
Predicting ━━━━━━━━━━━━━━━━━━━━━━━━━━━━━━━━━━━━━━━━ 8/8 0:00:00 • 0:00:00 16.17it/s  
Predicting ━━━━━━━━━━━━━━━━━━━━━━━━━━━━━━━━━━━━━━━━ 8/8 0:00:00 • 0:00:00 17.80it/s  
Predicting ━━━━━━━━━━━━━━━━━━━━━━━━━━━━━━━━━━━━━━━━ 8/8 0:00:00 • 0:00:00 16.84it/s  
Predicting ━━━━━━━━━━━━━━━━━━━━━━━━━━━━━━━━━━━━━━━━ 8/8 0:00:00 • 0:00:00 16.51it/s  
Predicting ━━━━━━━━━━━━━━━━━━━━━━━━━━━━━━━━━━━━━━━━ 8/8 0:00:00 • 0:00:00 16.81it/s  
Predicting ━━━━━━━━━━━━━━━━━━━━━━━━━━━━━━━━━━━━━━━━ 8/8 0:00:00 • 0:00:00 12.13it/s  
Predicting ━━━━━━━━━━━━━━━━━━━━━━━━━━━━━━━━━━━━━━━━ 8/8 0:00:00 • 0:00:00 16.04it/s  
Predicting ━━━━━━━━━━━━━━━━━━━━━━━━━━━━━━━━━━━━━━━━ 8/8 0:00:00 • 0:00:00 16.84it/s  
Predicting ━━━━━━━━━━━━━━━━━━━━━━━━━━━━━━━━━━━━━━━━ 8/8 0:00:00 • 0:00:00 16.54it/s  
Predicting ━━━━━━━━━━━━━━━━━━━━━━━━━━━━━━━━━━━━━━━━ 8/8 0:00:00 • 0:00:00 16.94it/s  
batch 5: size=500 time=8.06s
Predicting ━━━━━━━━━━━━━━━━━━━━━━━━━━━━━━━━━━━━━━━━ 8/8 0:00:00 • 0:00:00 16.55it/s  
Predicting ━━━━━━━━━━━━━━━━━━━━━━━━━━━━━━━━━━━━━━━━ 8/8 0:00:00 • 0:00:00 16.45it/s  
Predicting ━━━━━━━━━━━━━━━━━━━━━━━━━━━━━━━━━━━━━━━━ 8/8 0:00:00 • 0:00:00 17.08it/s  
Predicting ━━━━━━━━━━━━━━━━━━━━━━━━━━━━━━━━━━━━━━━━ 8/8 0:00:00 • 0:00:00 16.37it/s  
Predicting ━━━━━━━━━━━━━━━━━━━━━━━━━━━━━━━━━━━━━━━━ 8/8 0:00:00 • 0:00:00 16.54it/s  
Predicting ━━━━━━━━━━━━━━━━━━━━━━━━━━━━━━━━━━━━━━━━ 8/8 0:00:00 • 0:00:00 16.56it/s  
Predicting ━━━━━━━━━━━━━━━━━━━━━━━━━━━━━━━━━━━━━━━━ 8/8 0:00:00 • 0:00:00 16.64it/s  
Predicting ━━━━━━━━━━━━━━━━━━━━━━━━━━━━━━━━━━━━━━━━ 8/8 0:00:00 • 0:00:00 16.90it/s  
Predicting ━━━━━━━━━━━━━━━━━━━━━━━━━━━━━━━━━━━━━━━━ 8/8 0:00:00 • 0:00:00 16.82it/s  
Predicting ━━━━━━━━━━━━━━━━━━━━━━━━━━━━━━━━━━━━━━━━ 8/8 0:00:00 • 0:00:00 16.48it/s  
batch 6: size=500 time=7.85s
Predicting ━━━━━━━━━━━━━━━━━━━━━━━━━━━━━━━━━━━━━━━━ 8/8 0:00:00 • 0:00:00 16.11it/s  
Predicting ━━━━━━━━━━━━━━━━━━━━━━━━━━━━━━━━━━━━━━━━ 8/8 0:00:00 • 0:00:00 17.99it/s  
Predicting ━━━━━━━━━━━━━━━━━━━━━━━━━━━━━━━━━━━━━━━━ 8/8 0:00:00 • 0:00:00 16.90it/s  
Predicting ━━━━━━━━━━━━━━━━━━━━━━━━━━━━━━━━━━━━━━━━ 8/8 0:00:00 • 0:00:00 17.00it/s  
Predicting ━━━━━━━━━━━━━━━━━━━━━━━━━━━━━━━━━━━━━━━━ 8/8 0:00:00 • 0:00:00 16.57it/s  
Predicting ━━━━━━━━━━━━━━━━━━━━━━━━━━━━━━━━━━━━━━━━ 8/8 0:00:00 • 0:00:00 17.08it/s  
Predicting ━━━━━━━━━━━━━━━━━━━━━━━━━━━━━━━━━━━━━━━━ 8/8 0:00:00 • 0:00:00 16.81it/s  
Predicting ━━━━━━━━━━━━━━━━━━━━━━━━━━━━━━━━━━━━━━━━ 8/8 0:00:00 • 0:00:00 17.73it/s  
Predicting ━━━━━━━━━━━━━━━━━━━━━━━━━━━━━━━━━━━━━━━━ 8/8 0:00:00 • 0:00:00 18.01it/s  
Predicting ━━━━━━━━━━━━━━━━━━━━━━━━━━━━━━━━━━━━━━━━ 8/8 0:00:00 • 0:00:00 17.41it/s  
batch 7: size=500 time=7.75s
Predicting ━━━━━━━━━━━━━━━━━━━━━━━━━━━━━━━━━━━━━━━━ 8/8 0:00:00 • 0:00:00 17.51it/s  
Predicting ━━━━━━━━━━━━━━━━━━━━━━━━━━━━━━━━━━━━━━━━ 8/8 0:00:00 • 0:00:00 17.44it/s  
Predicting ━━━━━━━━━━━━━━━━━━━━━━━━━━━━━━━━━━━━━━━━ 8/8 0:00:00 • 0:00:00 17.82it/s  
Predicting ━━━━━━━━━━━━━━━━━━━━━━━━━━━━━━━━━━━━━━━━ 8/8 0:00:00 • 0:00:00 17.17it/s  
Predicting ━━━━━━━━━━━━━━━━━━━━━━━━━━━━━━━━━━━━━━━━ 8/8 0:00:00 • 0:00:00 16.67it/s  
Predicting ━━━━━━━━━━━━━━━━━━━━━━━━━━━━━━━━━━━━━━━━ 8/8 0:00:00 • 0:00:00 18.03it/s  
Predicting ━━━━━━━━━━━━━━━━━━━━━━━━━━━━━━━━━━━━━━━━ 8/8 0:00:00 • 0:00:00 17.98it/s  
Predicting ━━━━━━━━━━━━━━━━━━━━━━━━━━━━━━━━━━━━━━━━ 8/8 0:00:00 • 0:00:00 17.51it/s  
Predicting ━━━━━━━━━━━━━━━━━━━━━━━━━━━━━━━━━━━━━━━━ 8/8 0:00:00 • 0:00:00 17.51it/s  
Predicting ━━━━━━━━━━━━━━━━━━━━━━━━━━━━━━━━━━━━━━━━ 8/8 0:00:00 • 0:00:00 17.30it/s  
batch 8: size=500 time=7.74s
Predicting ━━━━━━━━━━━━━━━━━━━━━━━━━━━━━━━━━━━━━━━━ 8/8 0:00:00 • 0:00:00 17.19it/s  
Predicting ━━━━━━━━━━━━━━━━━━━━━━━━━━━━━━━━━━━━━━━━ 8/8 0:00:00 • 0:00:00 17.55it/s  
Predicting ━━━━━━━━━━━━━━━━━━━━━━━━━━━━━━━━━━━━━━━━ 8/8 0:00:00 • 0:00:00 17.52it/s  
Predicting ━━━━━━━━━━━━━━━━━━━━━━━━━━━━━━━━━━━━━━━━ 8/8 0:00:00 • 0:00:00 18.03it/s  
Predicting ━━━━━━━━━━━━━━━━━━━━━━━━━━━━━━━━━━━━━━━━ 8/8 0:00:00 • 0:00:00 17.64it/s  
Predicting ━━━━━━━━━━━━━━━━━━━━━━━━━━━━━━━━━━━━━━━━ 8/8 0:00:00 • 0:00:00 17.70it/s  
Predicting ━━━━━━━━━━━━━━━━━━━━━━━━━━━━━━━━━━━━━━━━ 8/8 0:00:00 • 0:00:00 17.58it/s  
Predicting ━━━━━━━━━━━━━━━━━━━━━━━━━━━━━━━━━━━━━━━━ 8/8 0:00:00 • 0:00:00 17.45it/s  
Predicting ━━━━━━━━━━━━━━━━━━━━━━━━━━━━━━━━━━━━━━━━ 8/8 0:00:00 • 0:00:00 17.53it/s  
Predicting ━━━━━━━━━━━━━━━━━━━━━━━━━━━━━━━━━━━━━━━━ 8/8 0:00:00 • 0:00:00 17.57it/s  
batch 9: size=500 time=7.69s
Predicting ━━━━━━━━━━━━━━━━━━━━━━━━━━━━━━━━━━━━━━━━ 8/8 0:00:00 • 0:00:00 17.13it/s  
Predicting ━━━━━━━━━━━━━━━━━━━━━━━━━━━━━━━━━━━━━━━━ 8/8 0:00:00 • 0:00:00 17.76it/s  
Predicting ━━━━━━━━━━━━━━━━━━━━━━━━━━━━━━━━━━━━━━━━ 8/8 0:00:00 • 0:00:00 17.07it/s  
Predicting ━━━━━━━━━━━━━━━━━━━━━━━━━━━━━━━━━━━━━━━━ 8/8 0:00:00 • 0:00:00 16.98it/s  
Predicting ━━━━━━━━━━━━━━━━━━━━━━━━━━━━━━━━━━━━━━━━ 8/8 0:00:00 • 0:00:00 17.62it/s  
Predicting ━━━━━━━━━━━━━━━━━━━━━━━━━━━━━━━━━━━━━━━━ 8/8 0:00:00 • 0:00:00 16.06it/s  
Predicting ━━━━━━━━━━━━━━━━━━━━━━━━━━━━━━━━━━━━━━━━ 8/8 0:00:00 • 0:00:00 17.43it/s  
Predicting ━━━━━━━━━━━━━━━━━━━━━━━━━━━━━━━━━━━━━━━━ 8/8 0:00:00 • 0:00:00 16.71it/s  
Predicting ━━━━━━━━━━━━━━━━━━━━━━━━━━━━━━━━━━━━━━━━ 8/8 0:00:00 • 0:00:00 16.12it/s  
Predicting ━━━━━━━━━━━━━━━━━━━━━━━━━━━━━━━━━━━━━━━━ 8/8 0:00:00 • 0:00:00 18.50it/s  
batch 10: size=500 time=7.91s
Predicting ━━━━━━━━━━━━━━━━━━━━━━━━━━━━━━━━━━━━━━━━ 8/8 0:00:00 • 0:00:00 17.37it/s  
Predicting ━━━━━━━━━━━━━━━━━━━━━━━━━━━━━━━━━━━━━━━━ 8/8 0:00:00 • 0:00:00 17.98it/s  
Predicting ━━━━━━━━━━━━━━━━━━━━━━━━━━━━━━━━━━━━━━━━ 8/8 0:00:00 • 0:00:00 17.14it/s  
Predicting ━━━━━━━━━━━━━━━━━━━━━━━━━━━━━━━━━━━━━━━━ 8/8 0:00:00 • 0:00:00 16.89it/s  
Predicting ━━━━━━━━━━━━━━━━━━━━━━━━━━━━━━━━━━━━━━━━ 8/8 0:00:00 • 0:00:00 17.92it/s  
Predicting ━━━━━━━━━━━━━━━━━━━━━━━━━━━━━━━━━━━━━━━━ 8/8 0:00:00 • 0:00:00 17.64it/s  
Predicting ━━━━━━━━━━━━━━━━━━━━━━━━━━━━━━━━━━━━━━━━ 8/8 0:00:00 • 0:00:00 17.63it/s  
Predicting ━━━━━━━━━━━━━━━━━━━━━━━━━━━━━━━━━━━━━━━━ 8/8 0:00:00 • 0:00:00 17.42it/s  
Predicting ━━━━━━━━━━━━━━━━━━━━━━━━━━━━━━━━━━━━━━━━ 8/8 0:00:00 • 0:00:00 17.57it/s  
Predicting ━━━━━━━━━━━━━━━━━━━━━━━━━━━━━━━━━━━━━━━━ 8/8 0:00:00 • 0:00:00 16.82it/s  
batch 11: size=500 time=7.74s
Predicting ━━━━━━━━━━━━━━━━━━━━━━━━━━━━━━━━━━━━━━━━ 8/8 0:00:00 • 0:00:00 16.68it/s  
Predicting ━━━━━━━━━━━━━━━━━━━━━━━━━━━━━━━━━━━━━━━━ 8/8 0:00:00 • 0:00:00 17.34it/s  
Predicting ━━━━━━━━━━━━━━━━━━━━━━━━━━━━━━━━━━━━━━━━ 8/8 0:00:00 • 0:00:00 17.64it/s  
Predicting ━━━━━━━━━━━━━━━━━━━━━━━━━━━━━━━━━━━━━━━━ 8/8 0:00:00 • 0:00:00 17.04it/s  
Predicting ━━━━━━━━━━━━━━━━━━━━━━━━━━━━━━━━━━━━━━━━ 8/8 0:00:00 • 0:00:00 17.35it/s  
Predicting ━━━━━━━━━━━━━━━━━━━━━━━━━━━━━━━━━━━━━━━━ 8/8 0:00:00 • 0:00:00 16.86it/s  
Predicting ━━━━━━━━━━━━━━━━━━━━━━━━━━━━━━━━━━━━━━━━ 8/8 0:00:00 • 0:00:00 16.43it/s  
Predicting ━━━━━━━━━━━━━━━━━━━━━━━━━━━━━━━━━━━━━━━━ 8/8 0:00:00 • 0:00:00 17.20it/s  
Predicting ━━━━━━━━━━━━━━━━━━━━━━━━━━━━━━━━━━━━━━━━ 8/8 0:00:00 • 0:00:00 17.27it/s  
Predicting ━━━━━━━━━━━━━━━━━━━━━━━━━━━━━━━━━━━━━━━━ 8/8 0:00:00 • 0:00:00 17.63it/s  
batch 12: size=500 time=7.78s
Predicting ━━━━━━━━━━━━━━━━━━━━━━━━━━━━━━━━━━━━━━━━ 8/8 0:00:00 • 0:00:00 17.08it/s  
Predicting ━━━━━━━━━━━━━━━━━━━━━━━━━━━━━━━━━━━━━━━━ 8/8 0:00:00 • 0:00:00 16.33it/s  
Predicting ━━━━━━━━━━━━━━━━━━━━━━━━━━━━━━━━━━━━━━━━ 8/8 0:00:00 • 0:00:00 16.68it/s  
Predicting ━━━━━━━━━━━━━━━━━━━━━━━━━━━━━━━━━━━━━━━━ 8/8 0:00:00 • 0:00:00 15.98it/s  
Predicting ━━━━━━━━━━━━━━━━━━━━━━━━━━━━━━━━━━━━━━━━ 8/8 0:00:00 • 0:00:00 17.73it/s  
Predicting ━━━━━━━━━━━━━━━━━━━━━━━━━━━━━━━━━━━━━━━━ 8/8 0:00:00 • 0:00:00 16.44it/s  
Predicting ━━━━━━━━━━━━━━━━━━━━━━━━━━━━━━━━━━━━━━━━ 8/8 0:00:00 • 0:00:00 17.32it/s  
Predicting ━━━━━━━━━━━━━━━━━━━━━━━━━━━━━━━━━━━━━━━━ 8/8 0:00:00 • 0:00:00 16.25it/s  
Predicting ━━━━━━━━━━━━━━━━━━━━━━━━━━━━━━━━━━━━━━━━ 8/8 0:00:00 • 0:00:00 16.73it/s  
Predicting ━━━━━━━━━━━━━━━━━━━━━━━━━━━━━━━━━━━━━━━━ 8/8 0:00:00 • 0:00:00 16.52it/s  
batch 13: size=500 time=7.90s
Predicting ━━━━━━━━━━━━━━━━━━━━━━━━━━━━━━━━━━━━━━━━ 8/8 0:00:00 • 0:00:00 15.52it/s  
Predicting ━━━━━━━━━━━━━━━━━━━━━━━━━━━━━━━━━━━━━━━━ 8/8 0:00:00 • 0:00:00 17.84it/s  
Predicting ━━━━━━━━━━━━━━━━━━━━━━━━━━━━━━━━━━━━━━━━ 8/8 0:00:00 • 0:00:00 16.33it/s  
Predicting ━━━━━━━━━━━━━━━━━━━━━━━━━━━━━━━━━━━━━━━━ 8/8 0:00:00 • 0:00:00 17.92it/s  
Predicting ━━━━━━━━━━━━━━━━━━━━━━━━━━━━━━━━━━━━━━━━ 8/8 0:00:00 • 0:00:00 16.14it/s  
Predicting ━━━━━━━━━━━━━━━━━━━━━━━━━━━━━━━━━━━━━━━━ 8/8 0:00:00 • 0:00:00 16.07it/s  
Predicting ━━━━━━━━━━━━━━━━━━━━━━━━━━━━━━━━━━━━━━━━ 8/8 0:00:00 • 0:00:00 13.90it/s  
Predicting ━━━━━━━━━━━━━━━━━━━━━━━━━━━━━━━━━━━━━━━━ 8/8 0:00:00 • 0:00:00 16.56it/s  
Predicting ━━━━━━━━━━━━━━━━━━━━━━━━━━━━━━━━━━━━━━━━ 8/8 0:00:00 • 0:00:00 16.80it/s  
Predicting ━━━━━━━━━━━━━━━━━━━━━━━━━━━━━━━━━━━━━━━━ 8/8 0:00:00 • 0:00:00 16.62it/s  
batch 14: size=500 time=8.02s
Predicting ━━━━━━━━━━━━━━━━━━━━━━━━━━━━━━━━━━━━━━━━ 8/8 0:00:00 • 0:00:00 16.10it/s  
Predicting ━━━━━━━━━━━━━━━━━━━━━━━━━━━━━━━━━━━━━━━━ 8/8 0:00:00 • 0:00:00 16.25it/s  
Predicting ━━━━━━━━━━━━━━━━━━━━━━━━━━━━━━━━━━━━━━━━ 8/8 0:00:00 • 0:00:00 16.61it/s  
Predicting ━━━━━━━━━━━━━━━━━━━━━━━━━━━━━━━━━━━━━━━━ 8/8 0:00:00 • 0:00:00 15.56it/s  
Predicting ━━━━━━━━━━━━━━━━━━━━━━━━━━━━━━━━━━━━━━━━ 8/8 0:00:00 • 0:00:00 16.51it/s  
Predicting ━━━━━━━━━━━━━━━━━━━━━━━━━━━━━━━━━━━━━━━━ 8/8 0:00:00 • 0:00:00 16.03it/s  
Predicting ━━━━━━━━━━━━━━━━━━━━━━━━━━━━━━━━━━━━━━━━ 8/8 0:00:00 • 0:00:00 16.42it/s  
Predicting ━━━━━━━━━━━━━━━━━━━━━━━━━━━━━━━━━━━━━━━━ 8/8 0:00:00 • 0:00:00 16.24it/s  
Predicting ━━━━━━━━━━━━━━━━━━━━━━━━━━━━━━━━━━━━━━━━ 8/8 0:00:00 • 0:00:00 15.97it/s  
Predicting ━━━━━━━━━━━━━━━━━━━━━━━━━━━━━━━━━━━━━━━━ 8/8 0:00:00 • 0:00:00 15.88it/s  
batch 15: size=500 time=8.05s
Predicting ━━━━━━━━━━━━━━━━━━━━━━━━━━━━━━━━━━━━━━━━ 8/8 0:00:00 • 0:00:00 14.77it/s  
Predicting ━━━━━━━━━━━━━━━━━━━━━━━━━━━━━━━━━━━━━━━━ 8/8 0:00:00 • 0:00:00 17.09it/s  
Predicting ━━━━━━━━━━━━━━━━━━━━━━━━━━━━━━━━━━━━━━━━ 8/8 0:00:00 • 0:00:00 15.95it/s  
Predicting ━━━━━━━━━━━━━━━━━━━━━━━━━━━━━━━━━━━━━━━━ 8/8 0:00:00 • 0:00:00 17.25it/s  
Predicting ━━━━━━━━━━━━━━━━━━━━━━━━━━━━━━━━━━━━━━━━ 8/8 0:00:00 • 0:00:00 17.42it/s  
Predicting ━━━━━━━━━━━━━━━━━━━━━━━━━━━━━━━━━━━━━━━━ 8/8 0:00:00 • 0:00:00 16.99it/s  
Predicting ━━━━━━━━━━━━━━━━━━━━━━━━━━━━━━━━━━━━━━━━ 8/8 0:00:00 • 0:00:00 16.51it/s  
Predicting ━━━━━━━━━━━━━━━━━━━━━━━━━━━━━━━━━━━━━━━━ 8/8 0:00:00 • 0:00:00 16.59it/s  
Predicting ━━━━━━━━━━━━━━━━━━━━━━━━━━━━━━━━━━━━━━━━ 8/8 0:00:00 • 0:00:00 16.87it/s  
Predicting ━━━━━━━━━━━━━━━━━━━━━━━━━━━━━━━━━━━━━━━━ 8/8 0:00:00 • 0:00:00 16.56it/s  
batch 16: size=500 time=8.05s
Predicting ━━━━━━━━━━━━━━━━━━━━━━━━━━━━━━━━━━━━━━━━ 8/8 0:00:00 • 0:00:00 17.25it/s  
Predicting ━━━━━━━━━━━━━━━━━━━━━━━━━━━━━━━━━━━━━━━━ 8/8 0:00:00 • 0:00:00 16.98it/s  
Predicting ━━━━━━━━━━━━━━━━━━━━━━━━━━━━━━━━━━━━━━━━ 8/8 0:00:00 • 0:00:00 17.26it/s  
Predicting ━━━━━━━━━━━━━━━━━━━━━━━━━━━━━━━━━━━━━━━━ 8/8 0:00:00 • 0:00:00 17.28it/s  
Predicting ━━━━━━━━━━━━━━━━━━━━━━━━━━━━━━━━━━━━━━━━ 8/8 0:00:00 • 0:00:00 17.67it/s  
Predicting ━━━━━━━━━━━━━━━━━━━━━━━━━━━━━━━━━━━━━━━━ 8/8 0:00:00 • 0:00:00 14.54it/s  
Predicting ━━━━━━━━━━━━━━━━━━━━━━━━━━━━━━━━━━━━━━━━ 8/8 0:00:00 • 0:00:00 16.23it/s  
Predicting ━━━━━━━━━━━━━━━━━━━━━━━━━━━━━━━━━━━━━━━━ 8/8 0:00:00 • 0:00:00 14.38it/s  
Predicting ━━━━━━━━━━━━━━━━━━━━━━━━━━━━━━━━━━━━━━━━ 8/8 0:00:00 • 0:00:00 17.11it/s  
Predicting ━━━━━━━━━━━━━━━━━━━━━━━━━━━━━━━━━━━━━━━━ 8/8 0:00:00 • 0:00:00 16.83it/s  
batch 17: size=500 time=7.99s
Predicting ━━━━━━━━━━━━━━━━━━━━━━━━━━━━━━━━━━━━━━━━ 8/8 0:00:00 • 0:00:00 16.08it/s  
Predicting ━━━━━━━━━━━━━━━━━━━━━━━━━━━━━━━━━━━━━━━━ 8/8 0:00:00 • 0:00:00 16.31it/s  
Predicting ━━━━━━━━━━━━━━━━━━━━━━━━━━━━━━━━━━━━━━━━ 8/8 0:00:00 • 0:00:00 17.70it/s  
Predicting ━━━━━━━━━━━━━━━━━━━━━━━━━━━━━━━━━━━━━━━━ 8/8 0:00:00 • 0:00:00 18.11it/s  
Predicting ━━━━━━━━━━━━━━━━━━━━━━━━━━━━━━━━━━━━━━━━ 8/8 0:00:00 • 0:00:00 17.81it/s  
Predicting ━━━━━━━━━━━━━━━━━━━━━━━━━━━━━━━━━━━━━━━━ 8/8 0:00:00 • 0:00:00 17.21it/s  
Predicting ━━━━━━━━━━━━━━━━━━━━━━━━━━━━━━━━━━━━━━━━ 8/8 0:00:00 • 0:00:00 15.97it/s  
Predicting ━━━━━━━━━━━━━━━━━━━━━━━━━━━━━━━━━━━━━━━━ 8/8 0:00:00 • 0:00:00 16.38it/s  
Predicting ━━━━━━━━━━━━━━━━━━━━━━━━━━━━━━━━━━━━━━━━ 8/8 0:00:00 • 0:00:00 16.66it/s  
Predicting ━━━━━━━━━━━━━━━━━━━━━━━━━━━━━━━━━━━━━━━━ 8/8 0:00:00 • 0:00:00 15.71it/s  
batch 18: size=500 time=7.97s
Predicting ━━━━━━━━━━━━━━━━━━━━━━━━━━━━━━━━━━━━━━━━ 8/8 0:00:00 • 0:00:00 16.06it/s  
Predicting ━━━━━━━━━━━━━━━━━━━━━━━━━━━━━━━━━━━━━━━━ 8/8 0:00:00 • 0:00:00 16.61it/s  
Predicting ━━━━━━━━━━━━━━━━━━━━━━━━━━━━━━━━━━━━━━━━ 8/8 0:00:00 • 0:00:00 16.18it/s  
Predicting ━━━━━━━━━━━━━━━━━━━━━━━━━━━━━━━━━━━━━━━━ 8/8 0:00:00 • 0:00:00 16.37it/s  
Predicting ━━━━━━━━━━━━━━━━━━━━━━━━━━━━━━━━━━━━━━━━ 8/8 0:00:00 • 0:00:00 16.33it/s  
Predicting ━━━━━━━━━━━━━━━━━━━━━━━━━━━━━━━━━━━━━━━━ 8/8 0:00:00 • 0:00:00 16.06it/s  
Predicting ━━━━━━━━━━━━━━━━━━━━━━━━━━━━━━━━━━━━━━━━ 8/8 0:00:00 • 0:00:00 16.79it/s  
Predicting ━━━━━━━━━━━━━━━━━━━━━━━━━━━━━━━━━━━━━━━━ 8/8 0:00:00 • 0:00:00 16.15it/s  
Predicting ━━━━━━━━━━━━━━━━━━━━━━━━━━━━━━━━━━━━━━━━ 8/8 0:00:00 • 0:00:00 16.50it/s  
Predicting ━━━━━━━━━━━━━━━━━━━━━━━━━━━━━━━━━━━━━━━━ 8/8 0:00:00 • 0:00:00 15.43it/s  
batch 19: size=500 time=8.05s
Predicting ━━━━━━━━━━━━━━━━━━━━━━━━━━━━━━━━━━━━━━━━ 8/8 0:00:00 • 0:00:00 15.71it/s  
Predicting ━━━━━━━━━━━━━━━━━━━━━━━━━━━━━━━━━━━━━━━━ 8/8 0:00:00 • 0:00:00 16.05it/s  
Predicting ━━━━━━━━━━━━━━━━━━━━━━━━━━━━━━━━━━━━━━━━ 8/8 0:00:00 • 0:00:00 16.82it/s  
Predicting ━━━━━━━━━━━━━━━━━━━━━━━━━━━━━━━━━━━━━━━━ 8/8 0:00:00 • 0:00:00 16.84it/s  
Predicting ━━━━━━━━━━━━━━━━━━━━━━━━━━━━━━━━━━━━━━━━ 8/8 0:00:00 • 0:00:00 16.56it/s  
Predicting ━━━━━━━━━━━━━━━━━━━━━━━━━━━━━━━━━━━━━━━━ 8/8 0:00:00 • 0:00:00 16.04it/s  
Predicting ━━━━━━━━━━━━━━━━━━━━━━━━━━━━━━━━━━━━━━━━ 8/8 0:00:00 • 0:00:00 15.64it/s  
Predicting ━━━━━━━━━━━━━━━━━━━━━━━━━━━━━━━━━━━━━━━━ 8/8 0:00:00 • 0:00:00 16.33it/s  
Predicting ━━━━━━━━━━━━━━━━━━━━━━━━━━━━━━━━━━━━━━━━ 8/8 0:00:00 • 0:00:00 16.42it/s  
Predicting ━━━━━━━━━━━━━━━━━━━━━━━━━━━━━━━━━━━━━━━━ 8/8 0:00:00 • 0:00:00 16.61it/s  
batch 20: size=500 time=8.06s
Predicting ━━━━━━━━━━━━━━━━━━━━━━━━━━━━━━━━━━━━━━━━ 8/8 0:00:00 • 0:00:00 16.45it/s  
Predicting ━━━━━━━━━━━━━━━━━━━━━━━━━━━━━━━━━━━━━━━━ 8/8 0:00:00 • 0:00:00 16.08it/s  
Predicting ━━━━━━━━━━━━━━━━━━━━━━━━━━━━━━━━━━━━━━━━ 8/8 0:00:00 • 0:00:00 16.57it/s  
Predicting ━━━━━━━━━━━━━━━━━━━━━━━━━━━━━━━━━━━━━━━━ 8/8 0:00:00 • 0:00:00 15.58it/s  
Predicting ━━━━━━━━━━━━━━━━━━━━━━━━━━━━━━━━━━━━━━━━ 8/8 0:00:00 • 0:00:00 15.96it/s  
Predicting ━━━━━━━━━━━━━━━━━━━━━━━━━━━━━━━━━━━━━━━━ 8/8 0:00:00 • 0:00:00 16.13it/s  
Predicting ━━━━━━━━━━━━━━━━━━━━━━━━━━━━━━━━━━━━━━━━ 8/8 0:00:00 • 0:00:00 15.66it/s  
Predicting ━━━━━━━━━━━━━━━━━━━━━━━━━━━━━━━━━━━━━━━━ 8/8 0:00:00 • 0:00:00 16.08it/s  
Predicting ━━━━━━━━━━━━━━━━━━━━━━━━━━━━━━━━━━━━━━━━ 8/8 0:00:00 • 0:00:00 15.99it/s  
Predicting ━━━━━━━━━━━━━━━━━━━━━━━━━━━━━━━━━━━━━━━━ 8/8 0:00:00 • 0:00:00 16.02it/s  
batch 21: size=500 time=8.17s
Predicting ━━━━━━━━━━━━━━━━━━━━━━━━━━━━━━━━━━━━━━━━ 8/8 0:00:00 • 0:00:00 15.64it/s  
Predicting ━━━━━━━━━━━━━━━━━━━━━━━━━━━━━━━━━━━━━━━━ 8/8 0:00:00 • 0:00:00 16.46it/s  
Predicting ━━━━━━━━━━━━━━━━━━━━━━━━━━━━━━━━━━━━━━━━ 8/8 0:00:00 • 0:00:00 16.55it/s  
Predicting ━━━━━━━━━━━━━━━━━━━━━━━━━━━━━━━━━━━━━━━━ 8/8 0:00:00 • 0:00:00 16.33it/s  
Predicting ━━━━━━━━━━━━━━━━━━━━━━━━━━━━━━━━━━━━━━━━ 8/8 0:00:00 • 0:00:00 16.25it/s  
Predicting ━━━━━━━━━━━━━━━━━━━━━━━━━━━━━━━━━━━━━━━━ 8/8 0:00:00 • 0:00:00 16.09it/s  
Predicting ━━━━━━━━━━━━━━━━━━━━━━━━━━━━━━━━━━━━━━━━ 8/8 0:00:00 • 0:00:00 15.63it/s  
Predicting ━━━━━━━━━━━━━━━━━━━━━━━━━━━━━━━━━━━━━━━━ 8/8 0:00:00 • 0:00:00 15.99it/s  
Predicting ━━━━━━━━━━━━━━━━━━━━━━━━━━━━━━━━━━━━━━━━ 8/8 0:00:00 • 0:00:00 15.59it/s  
Predicting ━━━━━━━━━━━━━━━━━━━━━━━━━━━━━━━━━━━━━━━━ 8/8 0:00:00 • 0:00:00 16.49it/s  
batch 22: size=500 time=8.08s
Predicting ━━━━━━━━━━━━━━━━━━━━━━━━━━━━━━━━━━━━━━━━ 8/8 0:00:00 • 0:00:00 15.85it/s  
Predicting ━━━━━━━━━━━━━━━━━━━━━━━━━━━━━━━━━━━━━━━━ 8/8 0:00:00 • 0:00:00 16.42it/s  
Predicting ━━━━━━━━━━━━━━━━━━━━━━━━━━━━━━━━━━━━━━━━ 8/8 0:00:00 • 0:00:00 15.55it/s  
Predicting ━━━━━━━━━━━━━━━━━━━━━━━━━━━━━━━━━━━━━━━━ 8/8 0:00:00 • 0:00:00 15.76it/s  
Predicting ━━━━━━━━━━━━━━━━━━━━━━━━━━━━━━━━━━━━━━━━ 8/8 0:00:00 • 0:00:00 16.36it/s  
Predicting ━━━━━━━━━━━━━━━━━━━━━━━━━━━━━━━━━━━━━━━━ 8/8 0:00:00 • 0:00:00 15.69it/s  
Predicting ━━━━━━━━━━━━━━━━━━━━━━━━━━━━━━━━━━━━━━━━ 8/8 0:00:00 • 0:00:00 15.10it/s  
Predicting ━━━━━━━━━━━━━━━━━━━━━━━━━━━━━━━━━━━━━━━━ 8/8 0:00:00 • 0:00:00 15.13it/s  
Predicting ━━━━━━━━━━━━━━━━━━━━━━━━━━━━━━━━━━━━━━━━ 8/8 0:00:00 • 0:00:00 15.96it/s  
Predicting ━━━━━━━━━━━━━━━━━━━━━━━━━━━━━━━━━━━━━━━━ 8/8 0:00:00 • 0:00:00 16.20it/s  
batch 23: size=500 time=8.24s
Predicting ━━━━━━━━━━━━━━━━━━━━━━━━━━━━━━━━━━━━━━━━ 8/8 0:00:00 • 0:00:00 16.80it/s  
Predicting ━━━━━━━━━━━━━━━━━━━━━━━━━━━━━━━━━━━━━━━━ 8/8 0:00:00 • 0:00:00 17.00it/s  
Predicting ━━━━━━━━━━━━━━━━━━━━━━━━━━━━━━━━━━━━━━━━ 8/8 0:00:00 • 0:00:00 17.69it/s  
Predicting ━━━━━━━━━━━━━━━━━━━━━━━━━━━━━━━━━━━━━━━━ 8/8 0:00:00 • 0:00:00 17.53it/s  
Predicting ━━━━━━━━━━━━━━━━━━━━━━━━━━━━━━━━━━━━━━━━ 8/8 0:00:00 • 0:00:00 17.35it/s  
Predicting ━━━━━━━━━━━━━━━━━━━━━━━━━━━━━━━━━━━━━━━━ 8/8 0:00:00 • 0:00:00 11.12it/s  
Predicting ━━━━━━━━━━━━━━━━━━━━━━━━━━━━━━━━━━━━━━━━ 8/8 0:00:00 • 0:00:00 13.54it/s  
Predicting ━━━━━━━━━━━━━━━━━━━━━━━━━━━━━━━━━━━━━━━━ 8/8 0:00:00 • 0:00:00 17.09it/s  
Predicting ━━━━━━━━━━━━━━━━━━━━━━━━━━━━━━━━━━━━━━━━ 8/8 0:00:00 • 0:00:00 17.36it/s  
Predicting ━━━━━━━━━━━━━━━━━━━━━━━━━━━━━━━━━━━━━━━━ 8/8 0:00:00 • 0:00:00 17.29it/s  
batch 24: size=500 time=8.33s
Predicting ━━━━━━━━━━━━━━━━━━━━━━━━━━━━━━━━━━━━━━━━ 8/8 0:00:00 • 0:00:00 15.99it/s  
Predicting ━━━━━━━━━━━━━━━━━━━━━━━━━━━━━━━━━━━━━━━━ 8/8 0:00:00 • 0:00:00 15.93it/s  
Predicting ━━━━━━━━━━━━━━━━━━━━━━━━━━━━━━━━━━━━━━━━ 8/8 0:00:00 • 0:00:00 15.85it/s  
Predicting ━━━━━━━━━━━━━━━━━━━━━━━━━━━━━━━━━━━━━━━━ 8/8 0:00:00 • 0:00:00 16.13it/s  
Predicting ━━━━━━━━━━━━━━━━━━━━━━━━━━━━━━━━━━━━━━━━ 8/8 0:00:00 • 0:00:00 16.30it/s  
Predicting ━━━━━━━━━━━━━━━━━━━━━━━━━━━━━━━━━━━━━━━━ 8/8 0:00:00 • 0:00:00 15.93it/s  
Predicting ━━━━━━━━━━━━━━━━━━━━━━━━━━━━━━━━━━━━━━━━ 8/8 0:00:00 • 0:00:00 15.58it/s  
Predicting ━━━━━━━━━━━━━━━━━━━━━━━━━━━━━━━━━━━━━━━━ 8/8 0:00:00 • 0:00:00 15.07it/s  
Predicting ━━━━━━━━━━━━━━━━━━━━━━━━━━━━━━━━━━━━━━━━ 8/8 0:00:00 • 0:00:00 15.77it/s  
Predicting ━━━━━━━━━━━━━━━━━━━━━━━━━━━━━━━━━━━━━━━━ 8/8 0:00:00 • 0:00:00 16.73it/s  
batch 25: size=500 time=8.27s
Predicting ━━━━━━━━━━━━━━━━━━━━━━━━━━━━━━━━━━━━━━━━ 8/8 0:00:00 • 0:00:00 16.00it/s  
Predicting ━━━━━━━━━━━━━━━━━━━━━━━━━━━━━━━━━━━━━━━━ 8/8 0:00:00 • 0:00:00 16.32it/s  
Predicting ━━━━━━━━━━━━━━━━━━━━━━━━━━━━━━━━━━━━━━━━ 8/8 0:00:00 • 0:00:00 16.31it/s  
Predicting ━━━━━━━━━━━━━━━━━━━━━━━━━━━━━━━━━━━━━━━━ 8/8 0:00:00 • 0:00:00 15.73it/s  
Predicting ━━━━━━━━━━━━━━━━━━━━━━━━━━━━━━━━━━━━━━━━ 8/8 0:00:00 • 0:00:00 16.52it/s  
Predicting ━━━━━━━━━━━━━━━━━━━━━━━━━━━━━━━━━━━━━━━━ 8/8 0:00:00 • 0:00:00 16.07it/s  
Predicting ━━━━━━━━━━━━━━━━━━━━━━━━━━━━━━━━━━━━━━━━ 8/8 0:00:00 • 0:00:00 16.34it/s  
Predicting ━━━━━━━━━━━━━━━━━━━━━━━━━━━━━━━━━━━━━━━━ 8/8 0:00:00 • 0:00:00 16.36it/s  
Predicting ━━━━━━━━━━━━━━━━━━━━━━━━━━━━━━━━━━━━━━━━ 8/8 0:00:00 • 0:00:00 16.38it/s  
Predicting ━━━━━━━━━━━━━━━━━━━━━━━━━━━━━━━━━━━━━━━━ 8/8 0:00:00 • 0:00:00 17.26it/s  
batch 26: size=500 time=8.09s
Predicting ━━━━━━━━━━━━━━━━━━━━━━━━━━━━━━━━━━━━━━━━ 8/8 0:00:00 • 0:00:00 16.49it/s  
Predicting ━━━━━━━━━━━━━━━━━━━━━━━━━━━━━━━━━━━━━━━━ 8/8 0:00:00 • 0:00:00 16.24it/s  
Predicting ━━━━━━━━━━━━━━━━━━━━━━━━━━━━━━━━━━━━━━━━ 8/8 0:00:00 • 0:00:00 16.22it/s  
Predicting ━━━━━━━━━━━━━━━━━━━━━━━━━━━━━━━━━━━━━━━━ 8/8 0:00:00 • 0:00:00 16.32it/s  
Predicting ━━━━━━━━━━━━━━━━━━━━━━━━━━━━━━━━━━━━━━━━ 8/8 0:00:00 • 0:00:00 16.87it/s  
Predicting ━━━━━━━━━━━━━━━━━━━━━━━━━━━━━━━━━━━━━━━━ 8/8 0:00:00 • 0:00:00 16.94it/s  
Predicting ━━━━━━━━━━━━━━━━━━━━━━━━━━━━━━━━━━━━━━━━ 8/8 0:00:00 • 0:00:00 16.78it/s  
Predicting ━━━━━━━━━━━━━━━━━━━━━━━━━━━━━━━━━━━━━━━━ 8/8 0:00:00 • 0:00:00 16.54it/s  
Predicting ━━━━━━━━━━━━━━━━━━━━━━━━━━━━━━━━━━━━━━━━ 8/8 0:00:00 • 0:00:00 18.10it/s  
Predicting ━━━━━━━━━━━━━━━━━━━━━━━━━━━━━━━━━━━━━━━━ 8/8 0:00:00 • 0:00:00 17.47it/s  
batch 27: size=500 time=7.94s
Predicting ━━━━━━━━━━━━━━━━━━━━━━━━━━━━━━━━━━━━━━━━ 8/8 0:00:00 • 0:00:00 17.23it/s  
Predicting ━━━━━━━━━━━━━━━━━━━━━━━━━━━━━━━━━━━━━━━━ 8/8 0:00:00 • 0:00:00 16.81it/s  
Predicting ━━━━━━━━━━━━━━━━━━━━━━━━━━━━━━━━━━━━━━━━ 8/8 0:00:00 • 0:00:00 17.49it/s  
Predicting ━━━━━━━━━━━━━━━━━━━━━━━━━━━━━━━━━━━━━━━━ 8/8 0:00:00 • 0:00:00 17.08it/s  
Predicting ━━━━━━━━━━━━━━━━━━━━━━━━━━━━━━━━━━━━━━━━ 8/8 0:00:00 • 0:00:00 17.29it/s  
Predicting ━━━━━━━━━━━━━━━━━━━━━━━━━━━━━━━━━━━━━━━━ 8/8 0:00:00 • 0:00:00 15.97it/s  
Predicting ━━━━━━━━━━━━━━━━━━━━━━━━━━━━━━━━━━━━━━━━ 8/8 0:00:00 • 0:00:00 16.15it/s  
Predicting ━━━━━━━━━━━━━━━━━━━━━━━━━━━━━━━━━━━━━━━━ 8/8 0:00:00 • 0:00:00 16.24it/s  
Predicting ━━━━━━━━━━━━━━━━━━━━━━━━━━━━━━━━━━━━━━━━ 8/8 0:00:00 • 0:00:00 16.78it/s  
Predicting ━━━━━━━━━━━━━━━━━━━━━━━━━━━━━━━━━━━━━━━━ 8/8 0:00:00 • 0:00:00 15.68it/s  
batch 28: size=500 time=8.05s
Predicting ━━━━━━━━━━━━━━━━━━━━━━━━━━━━━━━━━━━━━━━━ 8/8 0:00:00 • 0:00:00 16.26it/s  
Predicting ━━━━━━━━━━━━━━━━━━━━━━━━━━━━━━━━━━━━━━━━ 8/8 0:00:00 • 0:00:00 15.97it/s  
Predicting ━━━━━━━━━━━━━━━━━━━━━━━━━━━━━━━━━━━━━━━━ 8/8 0:00:00 • 0:00:00 16.64it/s  
Predicting ━━━━━━━━━━━━━━━━━━━━━━━━━━━━━━━━━━━━━━━━ 8/8 0:00:00 • 0:00:00 16.49it/s  
Predicting ━━━━━━━━━━━━━━━━━━━━━━━━━━━━━━━━━━━━━━━━ 8/8 0:00:00 • 0:00:00 16.96it/s  
Predicting ━━━━━━━━━━━━━━━━━━━━━━━━━━━━━━━━━━━━━━━━ 8/8 0:00:00 • 0:00:00 15.99it/s  
Predicting ━━━━━━━━━━━━━━━━━━━━━━━━━━━━━━━━━━━━━━━━ 8/8 0:00:00 • 0:00:00 16.63it/s  
Predicting ━━━━━━━━━━━━━━━━━━━━━━━━━━━━━━━━━━━━━━━━ 8/8 0:00:00 • 0:00:00 17.19it/s  
Predicting ━━━━━━━━━━━━━━━━━━━━━━━━━━━━━━━━━━━━━━━━ 8/8 0:00:00 • 0:00:00 16.81it/s  
Predicting ━━━━━━━━━━━━━━━━━━━━━━━━━━━━━━━━━━━━━━━━ 8/8 0:00:00 • 0:00:00 16.56it/s  
batch 29: size=500 time=7.99s
Predicting ━━━━━━━━━━━━━━━━━━━━━━━━━━━━━━━━━━━━━━━━ 8/8 0:00:00 • 0:00:00 17.26it/s  
Predicting ━━━━━━━━━━━━━━━━━━━━━━━━━━━━━━━━━━━━━━━━ 8/8 0:00:00 • 0:00:00 18.40it/s  
Predicting ━━━━━━━━━━━━━━━━━━━━━━━━━━━━━━━━━━━━━━━━ 8/8 0:00:00 • 0:00:00 18.28it/s  
Predicting ━━━━━━━━━━━━━━━━━━━━━━━━━━━━━━━━━━━━━━━━ 8/8 0:00:00 • 0:00:00 17.94it/s  
Predicting ━━━━━━━━━━━━━━━━━━━━━━━━━━━━━━━━━━━━━━━━ 8/8 0:00:00 • 0:00:00 18.10it/s  
Predicting ━━━━━━━━━━━━━━━━━━━━━━━━━━━━━━━━━━━━━━━━ 8/8 0:00:00 • 0:00:00 17.24it/s  
Predicting ━━━━━━━━━━━━━━━━━━━━━━━━━━━━━━━━━━━━━━━━ 8/8 0:00:00 • 0:00:00 17.74it/s  
Predicting ━━━━━━━━━━━━━━━━━━━━━━━━━━━━━━━━━━━━━━━━ 8/8 0:00:00 • 0:00:00 17.91it/s  
Predicting ━━━━━━━━━━━━━━━━━━━━━━━━━━━━━━━━━━━━━━━━ 8/8 0:00:00 • 0:00:00 17.99it/s  
Predicting ━━━━━━━━━━━━━━━━━━━━━━━━━━━━━━━━━━━━━━━━ 8/8 0:00:00 • 0:00:00 17.59it/s  
batch 30: size=500 time=7.69s
Predicting ━━━━━━━━━━━━━━━━━━━━━━━━━━━━━━━━━━━━━━━━ 6/6 0:00:00 • 0:00:00 21.67it/s  
Predicting ━━━━━━━━━━━━━━━━━━━━━━━━━━━━━━━━━━━━━━━━ 6/6 0:00:00 • 0:00:00 22.08it/s  
Predicting ━━━━━━━━━━━━━━━━━━━━━━━━━━━━━━━━━━━━━━━━ 6/6 0:00:00 • 0:00:00 21.31it/s  
Predicting ━━━━━━━━━━━━━━━━━━━━━━━━━━━━━━━━━━━━━━━━ 6/6 0:00:00 • 0:00:00 22.17it/s  
Predicting ━━━━━━━━━━━━━━━━━━━━━━━━━━━━━━━━━━━━━━━━ 6/6 0:00:00 • 0:00:00 22.21it/s  
Predicting ━━━━━━━━━━━━━━━━━━━━━━━━━━━━━━━━━━━━━━━━ 6/6 0:00:00 • 0:00:00 14.03it/s  
Predicting ━━━━━━━━━━━━━━━━━━━━━━━━━━━━━━━━━━━━━━━━ 6/6 0:00:00 • 0:00:00 17.12it/s  
Predicting ━━━━━━━━━━━━━━━━━━━━━━━━━━━━━━━━━━━━━━━━ 6/6 0:00:00 • 0:00:00 21.27it/s  
Predicting ━━━━━━━━━━━━━━━━━━━━━━━━━━━━━━━━━━━━━━━━ 6/6 0:00:00 • 0:00:00 20.48it/s  
Predicting ━━━━━━━━━━━━━━━━━━━━━━━━━━━━━━━━━━━━━━━━ 6/6 0:00:00 • 0:00:00 22.51it/s  
batch 31: size=321 time=5.44s

Saved: /mnt/data.ese/nfs/users/sghosh6/DTRA_project/MACAW/DrugDesignData/Results/combinedEbolaVirus_bestMACAW_allDB_generative/ART/ART_MACAW/ADMET_AI/combinedEbola_allDORAnetGenerated_Antivirals_ARTprediction_wADMET.csv
Total runtime: 273.16s
